// Jest Snapshot v1, https://goo.gl/fbAQLP

exports[`renders correctly 1`] = `
<div
  id="welcome"
>
  <main
    className="wrap wrap-main  "
  >
    <header
      className="header-main"
    >
      <div>
        <h1>
          Fran
          <span>
            Guzm√°n
          </span>
        </h1>
      </div>
    </header>
    <section
      className="main-section "
      id="welFront"
      onClick={[Function]}
    >
      <div
        className="wrap-section"
      >
        <header>
          <h2>
            front-end
            <span>
              developer
            </span>
          </h2>
        </header>
        
      </div>
    </section>
    <section
      className="main-section "
      id="welBack"
      onClick={[Function]}
    >
      <div
        className="wrap-section"
      >
        <header>
          <h2>
            back-end
            <span>
              developer
            </span>
          </h2>
        </header>
        
      </div>
    </section>
  </main>
</div>
`;
